Archive member included to satisfy reference by file (symbol)

/usr/local/bin/../lib/gcc/arm-none-eabi/11.2.1/../../../../arm-none-eabi/lib/thumb/v6-m/nofp/libc_nano.a(lib_a-exit.o)
                              /usr/local/bin/../lib/gcc/arm-none-eabi/11.2.1/../../../../arm-none-eabi/lib/thumb/v6-m/nofp/crt0.o (exit)
/usr/local/bin/../lib/gcc/arm-none-eabi/11.2.1/../../../../arm-none-eabi/lib/thumb/v6-m/nofp/libc_nano.a(lib_a-impure.o)
                              /usr/local/bin/../lib/gcc/arm-none-eabi/11.2.1/../../../../arm-none-eabi/lib/thumb/v6-m/nofp/libc_nano.a(lib_a-exit.o) (_global_impure_ptr)
/usr/local/bin/../lib/gcc/arm-none-eabi/11.2.1/../../../../arm-none-eabi/lib/thumb/v6-m/nofp/libc_nano.a(lib_a-init.o)
                              /usr/local/bin/../lib/gcc/arm-none-eabi/11.2.1/../../../../arm-none-eabi/lib/thumb/v6-m/nofp/crt0.o (__libc_init_array)
/usr/local/bin/../lib/gcc/arm-none-eabi/11.2.1/../../../../arm-none-eabi/lib/thumb/v6-m/nofp/libc_nano.a(lib_a-memset.o)
                              /usr/local/bin/../lib/gcc/arm-none-eabi/11.2.1/../../../../arm-none-eabi/lib/thumb/v6-m/nofp/crt0.o (memset)
/usr/local/bin/../lib/gcc/arm-none-eabi/11.2.1/../../../../arm-none-eabi/lib/thumb/v6-m/nofp/libnosys.a(_exit.o)
                              /usr/local/bin/../lib/gcc/arm-none-eabi/11.2.1/../../../../arm-none-eabi/lib/thumb/v6-m/nofp/libc_nano.a(lib_a-exit.o) (_exit)
/usr/local/bin/../lib/gcc/arm-none-eabi/11.2.1/thumb/v6-m/nofp/libgcc.a(_udivsi3.o)
                              build/stm32l0xx_ll_rcc.o (__aeabi_uidiv)
/usr/local/bin/../lib/gcc/arm-none-eabi/11.2.1/thumb/v6-m/nofp/libgcc.a(_dvmd_tls.o)
                              /usr/local/bin/../lib/gcc/arm-none-eabi/11.2.1/thumb/v6-m/nofp/libgcc.a(_udivsi3.o) (__aeabi_idiv0)

Discarded input sections

 .text          0x0000000000000000        0x0 /usr/local/bin/../lib/gcc/arm-none-eabi/11.2.1/thumb/v6-m/nofp/crti.o
 .data          0x0000000000000000        0x0 /usr/local/bin/../lib/gcc/arm-none-eabi/11.2.1/thumb/v6-m/nofp/crti.o
 .bss           0x0000000000000000        0x0 /usr/local/bin/../lib/gcc/arm-none-eabi/11.2.1/thumb/v6-m/nofp/crti.o
 .text          0x0000000000000000        0x0 /usr/local/bin/../lib/gcc/arm-none-eabi/11.2.1/thumb/v6-m/nofp/crtbegin.o
 .data          0x0000000000000000        0x0 /usr/local/bin/../lib/gcc/arm-none-eabi/11.2.1/thumb/v6-m/nofp/crtbegin.o
 .bss           0x0000000000000000        0x0 /usr/local/bin/../lib/gcc/arm-none-eabi/11.2.1/thumb/v6-m/nofp/crtbegin.o
 .rodata.all_implied_fbits
                0x0000000000000000       0x24 /usr/local/bin/../lib/gcc/arm-none-eabi/11.2.1/thumb/v6-m/nofp/crtbegin.o
 .data.__dso_handle
                0x0000000000000000        0x4 /usr/local/bin/../lib/gcc/arm-none-eabi/11.2.1/thumb/v6-m/nofp/crtbegin.o
 .text          0x0000000000000000       0x80 /usr/local/bin/../lib/gcc/arm-none-eabi/11.2.1/../../../../arm-none-eabi/lib/thumb/v6-m/nofp/crt0.o
 .data          0x0000000000000000        0x0 /usr/local/bin/../lib/gcc/arm-none-eabi/11.2.1/../../../../arm-none-eabi/lib/thumb/v6-m/nofp/crt0.o
 .bss           0x0000000000000000        0x0 /usr/local/bin/../lib/gcc/arm-none-eabi/11.2.1/../../../../arm-none-eabi/lib/thumb/v6-m/nofp/crt0.o
 .ARM.extab     0x0000000000000000        0x0 /usr/local/bin/../lib/gcc/arm-none-eabi/11.2.1/../../../../arm-none-eabi/lib/thumb/v6-m/nofp/crt0.o
 .ARM.exidx     0x0000000000000000       0x10 /usr/local/bin/../lib/gcc/arm-none-eabi/11.2.1/../../../../arm-none-eabi/lib/thumb/v6-m/nofp/crt0.o
 .debug_line    0x0000000000000000       0x7b /usr/local/bin/../lib/gcc/arm-none-eabi/11.2.1/../../../../arm-none-eabi/lib/thumb/v6-m/nofp/crt0.o
 .debug_line_str
                0x0000000000000000       0xa6 /usr/local/bin/../lib/gcc/arm-none-eabi/11.2.1/../../../../arm-none-eabi/lib/thumb/v6-m/nofp/crt0.o
 .debug_info    0x0000000000000000       0x25 /usr/local/bin/../lib/gcc/arm-none-eabi/11.2.1/../../../../arm-none-eabi/lib/thumb/v6-m/nofp/crt0.o
 .debug_abbrev  0x0000000000000000       0x14 /usr/local/bin/../lib/gcc/arm-none-eabi/11.2.1/../../../../arm-none-eabi/lib/thumb/v6-m/nofp/crt0.o
 .debug_aranges
                0x0000000000000000       0x20 /usr/local/bin/../lib/gcc/arm-none-eabi/11.2.1/../../../../arm-none-eabi/lib/thumb/v6-m/nofp/crt0.o
 .debug_str     0x0000000000000000       0x98 /usr/local/bin/../lib/gcc/arm-none-eabi/11.2.1/../../../../arm-none-eabi/lib/thumb/v6-m/nofp/crt0.o
 .ARM.attributes
                0x0000000000000000       0x1b /usr/local/bin/../lib/gcc/arm-none-eabi/11.2.1/../../../../arm-none-eabi/lib/thumb/v6-m/nofp/crt0.o
 .text          0x0000000000000000        0x0 build/main.o
 .data          0x0000000000000000        0x0 build/main.o
 .bss           0x0000000000000000        0x0 build/main.o
 .text.Error_Handler
                0x0000000000000000        0x4 build/main.o
 .rodata.stepDelay
                0x0000000000000000        0x4 build/main.o
 .text          0x0000000000000000        0x0 build/gpio.o
 .data          0x0000000000000000        0x0 build/gpio.o
 .bss           0x0000000000000000        0x0 build/gpio.o
 .text          0x0000000000000000        0x0 build/tim.o
 .data          0x0000000000000000        0x0 build/tim.o
 .bss           0x0000000000000000        0x0 build/tim.o
 .text          0x0000000000000000        0x0 build/stm32l0xx_it.o
 .data          0x0000000000000000        0x0 build/stm32l0xx_it.o
 .bss           0x0000000000000000        0x0 build/stm32l0xx_it.o
 .text          0x0000000000000000        0x0 build/stm32l0xx_ll_gpio.o
 .data          0x0000000000000000        0x0 build/stm32l0xx_ll_gpio.o
 .bss           0x0000000000000000        0x0 build/stm32l0xx_ll_gpio.o
 .text.LL_GPIO_DeInit
                0x0000000000000000       0x80 build/stm32l0xx_ll_gpio.o
 .text.LL_GPIO_StructInit
                0x0000000000000000       0x18 build/stm32l0xx_ll_gpio.o
 .text          0x0000000000000000        0x0 build/stm32l0xx_ll_pwr.o
 .data          0x0000000000000000        0x0 build/stm32l0xx_ll_pwr.o
 .bss           0x0000000000000000        0x0 build/stm32l0xx_ll_pwr.o
 .text.LL_PWR_DeInit
                0x0000000000000000       0x20 build/stm32l0xx_ll_pwr.o
 .debug_info    0x0000000000000000      0x2ba build/stm32l0xx_ll_pwr.o
 .debug_abbrev  0x0000000000000000      0x129 build/stm32l0xx_ll_pwr.o
 .debug_loc     0x0000000000000000       0x30 build/stm32l0xx_ll_pwr.o
 .debug_aranges
                0x0000000000000000       0x20 build/stm32l0xx_ll_pwr.o
 .debug_ranges  0x0000000000000000       0x10 build/stm32l0xx_ll_pwr.o
 .debug_line    0x0000000000000000      0x184 build/stm32l0xx_ll_pwr.o
 .debug_str     0x0000000000000000      0x26f build/stm32l0xx_ll_pwr.o
 .comment       0x0000000000000000       0x58 build/stm32l0xx_ll_pwr.o
 .debug_frame   0x0000000000000000       0x20 build/stm32l0xx_ll_pwr.o
 .ARM.attributes
                0x0000000000000000       0x2c build/stm32l0xx_ll_pwr.o
 .text          0x0000000000000000        0x0 build/stm32l0xx_ll_exti.o
 .data          0x0000000000000000        0x0 build/stm32l0xx_ll_exti.o
 .bss           0x0000000000000000        0x0 build/stm32l0xx_ll_exti.o
 .text.LL_EXTI_DeInit
                0x0000000000000000       0x24 build/stm32l0xx_ll_exti.o
 .text.LL_EXTI_StructInit
                0x0000000000000000        0xe build/stm32l0xx_ll_exti.o
 .text          0x0000000000000000        0x0 build/stm32l0xx_ll_tim.o
 .data          0x0000000000000000        0x0 build/stm32l0xx_ll_tim.o
 .bss           0x0000000000000000        0x0 build/stm32l0xx_ll_tim.o
 .text.OC1Config
                0x0000000000000000       0x34 build/stm32l0xx_ll_tim.o
 .text.OC2Config
                0x0000000000000000       0x40 build/stm32l0xx_ll_tim.o
 .text.OC3Config
                0x0000000000000000       0x40 build/stm32l0xx_ll_tim.o
 .text.OC4Config
                0x0000000000000000       0x48 build/stm32l0xx_ll_tim.o
 .text.IC1Config
                0x0000000000000000       0x34 build/stm32l0xx_ll_tim.o
 .text.IC2Config
                0x0000000000000000       0x38 build/stm32l0xx_ll_tim.o
 .text.IC3Config
                0x0000000000000000       0x44 build/stm32l0xx_ll_tim.o
 .text.IC4Config
                0x0000000000000000       0x44 build/stm32l0xx_ll_tim.o
 .text.LL_TIM_DeInit
                0x0000000000000000       0x60 build/stm32l0xx_ll_tim.o
 .text.LL_TIM_StructInit
                0x0000000000000000       0x10 build/stm32l0xx_ll_tim.o
 .text.LL_TIM_OC_StructInit
                0x0000000000000000        0xc build/stm32l0xx_ll_tim.o
 .text.LL_TIM_OC_Init
                0x0000000000000000       0x40 build/stm32l0xx_ll_tim.o
 .text.LL_TIM_IC_StructInit
                0x0000000000000000       0x10 build/stm32l0xx_ll_tim.o
 .text.LL_TIM_IC_Init
                0x0000000000000000       0x40 build/stm32l0xx_ll_tim.o
 .text.LL_TIM_ENCODER_StructInit
                0x0000000000000000       0x1c build/stm32l0xx_ll_tim.o
 .text.LL_TIM_ENCODER_Init
                0x0000000000000000       0x5c build/stm32l0xx_ll_tim.o
 .text          0x0000000000000000        0x0 build/stm32l0xx_ll_dma.o
 .data          0x0000000000000000        0x0 build/stm32l0xx_ll_dma.o
 .bss           0x0000000000000000        0x0 build/stm32l0xx_ll_dma.o
 .text.LL_DMA_DeInit
                0x0000000000000000      0x128 build/stm32l0xx_ll_dma.o
 .rodata.LL_DMA_DeInit
                0x0000000000000000       0x20 build/stm32l0xx_ll_dma.o
 .text.LL_DMA_Init
                0x0000000000000000       0x64 build/stm32l0xx_ll_dma.o
 .text.LL_DMA_StructInit
                0x0000000000000000       0x1a build/stm32l0xx_ll_dma.o
 .rodata.CHANNEL_OFFSET_TAB
                0x0000000000000000        0x7 build/stm32l0xx_ll_dma.o
 .debug_info    0x0000000000000000      0x9a8 build/stm32l0xx_ll_dma.o
 .debug_abbrev  0x0000000000000000      0x26a build/stm32l0xx_ll_dma.o
 .debug_loc     0x0000000000000000      0x60a build/stm32l0xx_ll_dma.o
 .debug_aranges
                0x0000000000000000       0x30 build/stm32l0xx_ll_dma.o
 .debug_ranges  0x0000000000000000       0xe0 build/stm32l0xx_ll_dma.o
 .debug_line    0x0000000000000000      0x4b6 build/stm32l0xx_ll_dma.o
 .debug_str     0x0000000000000000      0x522 build/stm32l0xx_ll_dma.o
 .comment       0x0000000000000000       0x58 build/stm32l0xx_ll_dma.o
 .debug_frame   0x0000000000000000       0x58 build/stm32l0xx_ll_dma.o
 .ARM.attributes
                0x0000000000000000       0x2c build/stm32l0xx_ll_dma.o
 .text          0x0000000000000000        0x0 build/stm32l0xx_ll_rcc.o
 .data          0x0000000000000000        0x0 build/stm32l0xx_ll_rcc.o
 .bss           0x0000000000000000        0x0 build/stm32l0xx_ll_rcc.o
 .text.RCC_GetHCLKClockFreq
                0x0000000000000000       0x1c build/stm32l0xx_ll_rcc.o
 .text.RCC_GetPCLK1ClockFreq
                0x0000000000000000       0x1c build/stm32l0xx_ll_rcc.o
 .text.RCC_GetPCLK2ClockFreq
                0x0000000000000000       0x1c build/stm32l0xx_ll_rcc.o
 .text.RCC_PLL_GetFreqDomain_SYS
                0x0000000000000000       0x50 build/stm32l0xx_ll_rcc.o
 .text.RCC_GetSystemClockFreq
                0x0000000000000000       0x70 build/stm32l0xx_ll_rcc.o
 .text.LL_RCC_DeInit
                0x0000000000000000       0xbc build/stm32l0xx_ll_rcc.o
 .text.LL_RCC_GetSystemClocksFreq
                0x0000000000000000       0x20 build/stm32l0xx_ll_rcc.o
 .text.LL_RCC_GetUSARTClockFreq
                0x0000000000000000       0x88 build/stm32l0xx_ll_rcc.o
 .text.LL_RCC_GetI2CClockFreq
                0x0000000000000000       0x6c build/stm32l0xx_ll_rcc.o
 .text.LL_RCC_GetLPUARTClockFreq
                0x0000000000000000       0x74 build/stm32l0xx_ll_rcc.o
 .text.LL_RCC_GetLPTIMClockFreq
                0x0000000000000000       0x90 build/stm32l0xx_ll_rcc.o
 .debug_info    0x0000000000000000      0xbaa build/stm32l0xx_ll_rcc.o
 .debug_abbrev  0x0000000000000000      0x2c0 build/stm32l0xx_ll_rcc.o
 .debug_loc     0x0000000000000000      0x5b7 build/stm32l0xx_ll_rcc.o
 .debug_aranges
                0x0000000000000000       0x70 build/stm32l0xx_ll_rcc.o
 .debug_ranges  0x0000000000000000       0x60 build/stm32l0xx_ll_rcc.o
 .debug_line    0x0000000000000000      0x793 build/stm32l0xx_ll_rcc.o
 .debug_str     0x0000000000000000      0x6bf build/stm32l0xx_ll_rcc.o
 .comment       0x0000000000000000       0x58 build/stm32l0xx_ll_rcc.o
 .debug_frame   0x0000000000000000       0xfc build/stm32l0xx_ll_rcc.o
 .ARM.attributes
                0x0000000000000000       0x2c build/stm32l0xx_ll_rcc.o
 .text          0x0000000000000000        0x0 build/stm32l0xx_ll_utils.o
 .data          0x0000000000000000        0x0 build/stm32l0xx_ll_utils.o
 .bss           0x0000000000000000        0x0 build/stm32l0xx_ll_utils.o
 .text.UTILS_GetPLLOutputFrequency
                0x0000000000000000       0x1c build/stm32l0xx_ll_utils.o
 .text.UTILS_PLL_IsBusy
                0x0000000000000000       0x14 build/stm32l0xx_ll_utils.o
 .text.LL_SetFlashLatency
                0x0000000000000000       0x9c build/stm32l0xx_ll_utils.o
 .text.UTILS_EnablePLLAndSwitchSystem
                0x0000000000000000       0xb0 build/stm32l0xx_ll_utils.o
 .text.LL_PLL_ConfigSystemClock_HSI
                0x0000000000000000       0x5c build/stm32l0xx_ll_utils.o
 .text.LL_PLL_ConfigSystemClock_HSE
                0x0000000000000000       0x84 build/stm32l0xx_ll_utils.o
 .text          0x0000000000000000        0x0 build/system_stm32l0xx.o
 .data          0x0000000000000000        0x0 build/system_stm32l0xx.o
 .bss           0x0000000000000000        0x0 build/system_stm32l0xx.o
 .text.SystemCoreClockUpdate
                0x0000000000000000       0xf0 build/system_stm32l0xx.o
 .rodata.AHBPrescTable
                0x0000000000000000       0x10 build/system_stm32l0xx.o
 .rodata.APBPrescTable
                0x0000000000000000        0x8 build/system_stm32l0xx.o
 .rodata.PLLMulTable
                0x0000000000000000        0x9 build/system_stm32l0xx.o
 .text          0x0000000000000000       0x14 build/startup_stm32l031xx.o
 .data          0x0000000000000000        0x0 build/startup_stm32l031xx.o
 .bss           0x0000000000000000        0x0 build/startup_stm32l031xx.o
 .text          0x0000000000000000        0x0 /usr/local/bin/../lib/gcc/arm-none-eabi/11.2.1/../../../../arm-none-eabi/lib/thumb/v6-m/nofp/libc_nano.a(lib_a-exit.o)
 .data          0x0000000000000000        0x0 /usr/local/bin/../lib/gcc/arm-none-eabi/11.2.1/../../../../arm-none-eabi/lib/thumb/v6-m/nofp/libc_nano.a(lib_a-exit.o)
 .bss           0x0000000000000000        0x0 /usr/local/bin/../lib/gcc/arm-none-eabi/11.2.1/../../../../arm-none-eabi/lib/thumb/v6-m/nofp/libc_nano.a(lib_a-exit.o)
 .text.exit     0x0000000000000000       0x2c /usr/local/bin/../lib/gcc/arm-none-eabi/11.2.1/../../../../arm-none-eabi/lib/thumb/v6-m/nofp/libc_nano.a(lib_a-exit.o)
 .debug_info    0x0000000000000000      0x7cb /usr/local/bin/../lib/gcc/arm-none-eabi/11.2.1/../../../../arm-none-eabi/lib/thumb/v6-m/nofp/libc_nano.a(lib_a-exit.o)
 .debug_abbrev  0x0000000000000000      0x1d2 /usr/local/bin/../lib/gcc/arm-none-eabi/11.2.1/../../../../arm-none-eabi/lib/thumb/v6-m/nofp/libc_nano.a(lib_a-exit.o)
 .debug_loclists
                0x0000000000000000       0x20 /usr/local/bin/../lib/gcc/arm-none-eabi/11.2.1/../../../../arm-none-eabi/lib/thumb/v6-m/nofp/libc_nano.a(lib_a-exit.o)
 .debug_aranges
                0x0000000000000000       0x20 /usr/local/bin/../lib/gcc/arm-none-eabi/11.2.1/../../../../arm-none-eabi/lib/thumb/v6-m/nofp/libc_nano.a(lib_a-exit.o)
 .debug_rnglists
                0x0000000000000000       0x13 /usr/local/bin/../lib/gcc/arm-none-eabi/11.2.1/../../../../arm-none-eabi/lib/thumb/v6-m/nofp/libc_nano.a(lib_a-exit.o)
 .debug_line    0x0000000000000000      0x1f8 /usr/local/bin/../lib/gcc/arm-none-eabi/11.2.1/../../../../arm-none-eabi/lib/thumb/v6-m/nofp/libc_nano.a(lib_a-exit.o)
 .debug_str     0x0000000000000000      0x586 /usr/local/bin/../lib/gcc/arm-none-eabi/11.2.1/../../../../arm-none-eabi/lib/thumb/v6-m/nofp/libc_nano.a(lib_a-exit.o)
 .comment       0x0000000000000000       0x58 /usr/local/bin/../lib/gcc/arm-none-eabi/11.2.1/../../../../arm-none-eabi/lib/thumb/v6-m/nofp/libc_nano.a(lib_a-exit.o)
 .debug_frame   0x0000000000000000       0x28 /usr/local/bin/../lib/gcc/arm-none-eabi/11.2.1/../../../../arm-none-eabi/lib/thumb/v6-m/nofp/libc_nano.a(lib_a-exit.o)
 .ARM.attributes
                0x0000000000000000       0x2c /usr/local/bin/../lib/gcc/arm-none-eabi/11.2.1/../../../../arm-none-eabi/lib/thumb/v6-m/nofp/libc_nano.a(lib_a-exit.o)
 .text          0x0000000000000000        0x0 /usr/local/bin/../lib/gcc/arm-none-eabi/11.2.1/../../../../arm-none-eabi/lib/thumb/v6-m/nofp/libc_nano.a(lib_a-impure.o)
 .data          0x0000000000000000        0x0 /usr/local/bin/../lib/gcc/arm-none-eabi/11.2.1/../../../../arm-none-eabi/lib/thumb/v6-m/nofp/libc_nano.a(lib_a-impure.o)
 .bss           0x0000000000000000        0x0 /usr/local/bin/../lib/gcc/arm-none-eabi/11.2.1/../../../../arm-none-eabi/lib/thumb/v6-m/nofp/libc_nano.a(lib_a-impure.o)
 .data._impure_ptr
                0x0000000000000000        0x4 /usr/local/bin/../lib/gcc/arm-none-eabi/11.2.1/../../../../arm-none-eabi/lib/thumb/v6-m/nofp/libc_nano.a(lib_a-impure.o)
 .data.impure_data
                0x0000000000000000       0x60 /usr/local/bin/../lib/gcc/arm-none-eabi/11.2.1/../../../../arm-none-eabi/lib/thumb/v6-m/nofp/libc_nano.a(lib_a-impure.o)
 .rodata._global_impure_ptr
                0x0000000000000000        0x4 /usr/local/bin/../lib/gcc/arm-none-eabi/11.2.1/../../../../arm-none-eabi/lib/thumb/v6-m/nofp/libc_nano.a(lib_a-impure.o)
 .debug_info    0x0000000000000000      0x7fc /usr/local/bin/../lib/gcc/arm-none-eabi/11.2.1/../../../../arm-none-eabi/lib/thumb/v6-m/nofp/libc_nano.a(lib_a-impure.o)
 .debug_abbrev  0x0000000000000000      0x15a /usr/local/bin/../lib/gcc/arm-none-eabi/11.2.1/../../../../arm-none-eabi/lib/thumb/v6-m/nofp/libc_nano.a(lib_a-impure.o)
 .debug_aranges
                0x0000000000000000       0x18 /usr/local/bin/../lib/gcc/arm-none-eabi/11.2.1/../../../../arm-none-eabi/lib/thumb/v6-m/nofp/libc_nano.a(lib_a-impure.o)
 .debug_line    0x0000000000000000      0x154 /usr/local/bin/../lib/gcc/arm-none-eabi/11.2.1/../../../../arm-none-eabi/lib/thumb/v6-m/nofp/libc_nano.a(lib_a-impure.o)
 .debug_str     0x0000000000000000      0x5bc /usr/local/bin/../lib/gcc/arm-none-eabi/11.2.1/../../../../arm-none-eabi/lib/thumb/v6-m/nofp/libc_nano.a(lib_a-impure.o)
 .comment       0x0000000000000000       0x58 /usr/local/bin/../lib/gcc/arm-none-eabi/11.2.1/../../../../arm-none-eabi/lib/thumb/v6-m/nofp/libc_nano.a(lib_a-impure.o)
 .ARM.attributes
                0x0000000000000000       0x2c /usr/local/bin/../lib/gcc/arm-none-eabi/11.2.1/../../../../arm-none-eabi/lib/thumb/v6-m/nofp/libc_nano.a(lib_a-impure.o)
 .text          0x0000000000000000        0x0 /usr/local/bin/../lib/gcc/arm-none-eabi/11.2.1/../../../../arm-none-eabi/lib/thumb/v6-m/nofp/libc_nano.a(lib_a-init.o)
 .data          0x0000000000000000        0x0 /usr/local/bin/../lib/gcc/arm-none-eabi/11.2.1/../../../../arm-none-eabi/lib/thumb/v6-m/nofp/libc_nano.a(lib_a-init.o)
 .bss           0x0000000000000000        0x0 /usr/local/bin/../lib/gcc/arm-none-eabi/11.2.1/../../../../arm-none-eabi/lib/thumb/v6-m/nofp/libc_nano.a(lib_a-init.o)
 .text          0x0000000000000000        0x0 /usr/local/bin/../lib/gcc/arm-none-eabi/11.2.1/../../../../arm-none-eabi/lib/thumb/v6-m/nofp/libc_nano.a(lib_a-memset.o)
 .data          0x0000000000000000        0x0 /usr/local/bin/../lib/gcc/arm-none-eabi/11.2.1/../../../../arm-none-eabi/lib/thumb/v6-m/nofp/libc_nano.a(lib_a-memset.o)
 .bss           0x0000000000000000        0x0 /usr/local/bin/../lib/gcc/arm-none-eabi/11.2.1/../../../../arm-none-eabi/lib/thumb/v6-m/nofp/libc_nano.a(lib_a-memset.o)
 .text          0x0000000000000000        0x0 /usr/local/bin/../lib/gcc/arm-none-eabi/11.2.1/../../../../arm-none-eabi/lib/thumb/v6-m/nofp/libnosys.a(_exit.o)
 .data          0x0000000000000000        0x0 /usr/local/bin/../lib/gcc/arm-none-eabi/11.2.1/../../../../arm-none-eabi/lib/thumb/v6-m/nofp/libnosys.a(_exit.o)
 .bss           0x0000000000000000        0x0 /usr/local/bin/../lib/gcc/arm-none-eabi/11.2.1/../../../../arm-none-eabi/lib/thumb/v6-m/nofp/libnosys.a(_exit.o)
 .text._exit    0x0000000000000000        0x4 /usr/local/bin/../lib/gcc/arm-none-eabi/11.2.1/../../../../arm-none-eabi/lib/thumb/v6-m/nofp/libnosys.a(_exit.o)
 .debug_info    0x0000000000000000       0x62 /usr/local/bin/../lib/gcc/arm-none-eabi/11.2.1/../../../../arm-none-eabi/lib/thumb/v6-m/nofp/libnosys.a(_exit.o)
 .debug_abbrev  0x0000000000000000       0x60 /usr/local/bin/../lib/gcc/arm-none-eabi/11.2.1/../../../../arm-none-eabi/lib/thumb/v6-m/nofp/libnosys.a(_exit.o)
 .debug_loclists
                0x0000000000000000       0x17 /usr/local/bin/../lib/gcc/arm-none-eabi/11.2.1/../../../../arm-none-eabi/lib/thumb/v6-m/nofp/libnosys.a(_exit.o)
 .debug_aranges
                0x0000000000000000       0x20 /usr/local/bin/../lib/gcc/arm-none-eabi/11.2.1/../../../../arm-none-eabi/lib/thumb/v6-m/nofp/libnosys.a(_exit.o)
 .debug_rnglists
                0x0000000000000000       0x13 /usr/local/bin/../lib/gcc/arm-none-eabi/11.2.1/../../../../arm-none-eabi/lib/thumb/v6-m/nofp/libnosys.a(_exit.o)
 .debug_line    0x0000000000000000       0x96 /usr/local/bin/../lib/gcc/arm-none-eabi/11.2.1/../../../../arm-none-eabi/lib/thumb/v6-m/nofp/libnosys.a(_exit.o)
 .debug_str     0x0000000000000000      0x152 /usr/local/bin/../lib/gcc/arm-none-eabi/11.2.1/../../../../arm-none-eabi/lib/thumb/v6-m/nofp/libnosys.a(_exit.o)
 .comment       0x0000000000000000       0x58 /usr/local/bin/../lib/gcc/arm-none-eabi/11.2.1/../../../../arm-none-eabi/lib/thumb/v6-m/nofp/libnosys.a(_exit.o)
 .debug_frame   0x0000000000000000       0x20 /usr/local/bin/../lib/gcc/arm-none-eabi/11.2.1/../../../../arm-none-eabi/lib/thumb/v6-m/nofp/libnosys.a(_exit.o)
 .ARM.attributes
                0x0000000000000000       0x2c /usr/local/bin/../lib/gcc/arm-none-eabi/11.2.1/../../../../arm-none-eabi/lib/thumb/v6-m/nofp/libnosys.a(_exit.o)
 .data          0x0000000000000000        0x0 /usr/local/bin/../lib/gcc/arm-none-eabi/11.2.1/thumb/v6-m/nofp/libgcc.a(_udivsi3.o)
 .bss           0x0000000000000000        0x0 /usr/local/bin/../lib/gcc/arm-none-eabi/11.2.1/thumb/v6-m/nofp/libgcc.a(_udivsi3.o)
 .data          0x0000000000000000        0x0 /usr/local/bin/../lib/gcc/arm-none-eabi/11.2.1/thumb/v6-m/nofp/libgcc.a(_dvmd_tls.o)
 .bss           0x0000000000000000        0x0 /usr/local/bin/../lib/gcc/arm-none-eabi/11.2.1/thumb/v6-m/nofp/libgcc.a(_dvmd_tls.o)
 .text          0x0000000000000000        0x0 /usr/local/bin/../lib/gcc/arm-none-eabi/11.2.1/thumb/v6-m/nofp/crtend.o
 .data          0x0000000000000000        0x0 /usr/local/bin/../lib/gcc/arm-none-eabi/11.2.1/thumb/v6-m/nofp/crtend.o
 .bss           0x0000000000000000        0x0 /usr/local/bin/../lib/gcc/arm-none-eabi/11.2.1/thumb/v6-m/nofp/crtend.o
 .rodata.all_implied_fbits
                0x0000000000000000       0x24 /usr/local/bin/../lib/gcc/arm-none-eabi/11.2.1/thumb/v6-m/nofp/crtend.o
 .eh_frame      0x0000000000000000        0x4 /usr/local/bin/../lib/gcc/arm-none-eabi/11.2.1/thumb/v6-m/nofp/crtend.o
 .text          0x0000000000000000        0x0 /usr/local/bin/../lib/gcc/arm-none-eabi/11.2.1/thumb/v6-m/nofp/crtn.o
 .data          0x0000000000000000        0x0 /usr/local/bin/../lib/gcc/arm-none-eabi/11.2.1/thumb/v6-m/nofp/crtn.o
 .bss           0x0000000000000000        0x0 /usr/local/bin/../lib/gcc/arm-none-eabi/11.2.1/thumb/v6-m/nofp/crtn.o

Memory Configuration

Name             Origin             Length             Attributes
RAM              0x0000000020000000 0x0000000000002000 xrw
FLASH            0x0000000008000000 0x0000000000004000 xr
*default*        0x0000000000000000 0xffffffffffffffff

Linker script and memory map

LOAD /usr/local/bin/../lib/gcc/arm-none-eabi/11.2.1/thumb/v6-m/nofp/crti.o
LOAD /usr/local/bin/../lib/gcc/arm-none-eabi/11.2.1/thumb/v6-m/nofp/crtbegin.o
LOAD /usr/local/bin/../lib/gcc/arm-none-eabi/11.2.1/../../../../arm-none-eabi/lib/thumb/v6-m/nofp/crt0.o
LOAD build/main.o
LOAD build/gpio.o
LOAD build/tim.o
LOAD build/stm32l0xx_it.o
LOAD build/stm32l0xx_ll_gpio.o
LOAD build/stm32l0xx_ll_pwr.o
LOAD build/stm32l0xx_ll_exti.o
LOAD build/stm32l0xx_ll_tim.o
LOAD build/stm32l0xx_ll_dma.o
LOAD build/stm32l0xx_ll_rcc.o
LOAD build/stm32l0xx_ll_utils.o
LOAD build/system_stm32l0xx.o
LOAD build/startup_stm32l031xx.o
LOAD /usr/local/bin/../lib/gcc/arm-none-eabi/11.2.1/../../../../arm-none-eabi/lib/thumb/v6-m/nofp/libc_nano.a
LOAD /usr/local/bin/../lib/gcc/arm-none-eabi/11.2.1/../../../../arm-none-eabi/lib/thumb/v6-m/nofp/libm.a
LOAD /usr/local/bin/../lib/gcc/arm-none-eabi/11.2.1/../../../../arm-none-eabi/lib/thumb/v6-m/nofp/libnosys.a
START GROUP
LOAD /usr/local/bin/../lib/gcc/arm-none-eabi/11.2.1/thumb/v6-m/nofp/libgcc.a
LOAD /usr/local/bin/../lib/gcc/arm-none-eabi/11.2.1/../../../../arm-none-eabi/lib/thumb/v6-m/nofp/libc_nano.a
END GROUP
START GROUP
LOAD /usr/local/bin/../lib/gcc/arm-none-eabi/11.2.1/thumb/v6-m/nofp/libgcc.a
LOAD /usr/local/bin/../lib/gcc/arm-none-eabi/11.2.1/../../../../arm-none-eabi/lib/thumb/v6-m/nofp/libc_nano.a
END GROUP
LOAD /usr/local/bin/../lib/gcc/arm-none-eabi/11.2.1/thumb/v6-m/nofp/crtend.o
LOAD /usr/local/bin/../lib/gcc/arm-none-eabi/11.2.1/thumb/v6-m/nofp/crtn.o
                0x0000000020002000                _estack = (ORIGIN (RAM) + LENGTH (RAM))
                0x0000000000000200                _Min_Heap_Size = 0x200
                0x0000000000000400                _Min_Stack_Size = 0x400

.isr_vector     0x0000000008000000       0xc0
                0x0000000008000000                . = ALIGN (0x4)
 *(.isr_vector)
 .isr_vector    0x0000000008000000       0xc0 build/startup_stm32l031xx.o
                0x0000000008000000                g_pfnVectors
                0x00000000080000c0                . = ALIGN (0x4)

.text           0x00000000080000c0      0xb90
                0x00000000080000c0                . = ALIGN (0x4)
 *(.text)
 .text          0x00000000080000c0      0x114 /usr/local/bin/../lib/gcc/arm-none-eabi/11.2.1/thumb/v6-m/nofp/libgcc.a(_udivsi3.o)
                0x00000000080000c0                __udivsi3
                0x00000000080000c0                __aeabi_uidiv
                0x00000000080001cc                __aeabi_uidivmod
 .text          0x00000000080001d4        0x4 /usr/local/bin/../lib/gcc/arm-none-eabi/11.2.1/thumb/v6-m/nofp/libgcc.a(_dvmd_tls.o)
                0x00000000080001d4                __aeabi_ldiv0
                0x00000000080001d4                __aeabi_idiv0
 *(.text*)
 .text.deregister_tm_clones
                0x00000000080001d8       0x20 /usr/local/bin/../lib/gcc/arm-none-eabi/11.2.1/thumb/v6-m/nofp/crtbegin.o
 .text.register_tm_clones
                0x00000000080001f8       0x28 /usr/local/bin/../lib/gcc/arm-none-eabi/11.2.1/thumb/v6-m/nofp/crtbegin.o
 .text.__do_global_dtors_aux
                0x0000000008000220       0x2c /usr/local/bin/../lib/gcc/arm-none-eabi/11.2.1/thumb/v6-m/nofp/crtbegin.o
 .text.frame_dummy
                0x000000000800024c       0x24 /usr/local/bin/../lib/gcc/arm-none-eabi/11.2.1/thumb/v6-m/nofp/crtbegin.o
 .text.digitalWrite
                0x0000000008000270       0x14 build/main.o
                0x0000000008000270                digitalWrite
 .text.Step     0x0000000008000284      0x178 build/main.o
                0x0000000008000284                Step
 .text.isCoverCloseLimit
                0x00000000080003fc       0x12 build/main.o
                0x00000000080003fc                isCoverCloseLimit
 *fill*         0x000000000800040e        0x2 
 .text.openCover
                0x0000000008000410       0x44 build/main.o
                0x0000000008000410                openCover
 .text.closeCover
                0x0000000008000454       0x44 build/main.o
                0x0000000008000454                closeCover
 .text.initCover
                0x0000000008000498       0x64 build/main.o
                0x0000000008000498                initCover
 .text.SystemClock_Config
                0x00000000080004fc       0xcc build/main.o
                0x00000000080004fc                SystemClock_Config
 .text.main     0x00000000080005c8       0xf8 build/main.o
                0x00000000080005c8                main
 .text.MX_GPIO_Init
                0x00000000080006c0      0x17c build/gpio.o
                0x00000000080006c0                MX_GPIO_Init
 .text.MX_TIM2_Init
                0x000000000800083c       0x88 build/tim.o
                0x000000000800083c                MX_TIM2_Init
 .text.NMI_Handler
                0x00000000080008c4        0x2 build/stm32l0xx_it.o
                0x00000000080008c4                NMI_Handler
 .text.HardFault_Handler
                0x00000000080008c6        0x2 build/stm32l0xx_it.o
                0x00000000080008c6                HardFault_Handler
 .text.SVC_Handler
                0x00000000080008c8        0x2 build/stm32l0xx_it.o
                0x00000000080008c8                SVC_Handler
 .text.PendSV_Handler
                0x00000000080008ca        0x2 build/stm32l0xx_it.o
                0x00000000080008ca                PendSV_Handler
 .text.SysTick_Handler
                0x00000000080008cc        0x2 build/stm32l0xx_it.o
                0x00000000080008cc                SysTick_Handler
 *fill*         0x00000000080008ce        0x2 
 .text.EXTI0_1_IRQHandler
                0x00000000080008d0       0x3c build/stm32l0xx_it.o
                0x00000000080008d0                EXTI0_1_IRQHandler
 .text.TIM2_IRQHandler
                0x000000000800090c       0x4c build/stm32l0xx_it.o
                0x000000000800090c                TIM2_IRQHandler
 .text.LL_GPIO_Init
                0x0000000008000958       0xb8 build/stm32l0xx_ll_gpio.o
                0x0000000008000958                LL_GPIO_Init
 .text.LL_EXTI_Init
                0x0000000008000a10       0xc8 build/stm32l0xx_ll_exti.o
                0x0000000008000a10                LL_EXTI_Init
 .text.LL_TIM_Init
                0x0000000008000ad8       0x5c build/stm32l0xx_ll_tim.o
                0x0000000008000ad8                LL_TIM_Init
 .text.LL_Init1msTick
                0x0000000008000b34       0x20 build/stm32l0xx_ll_utils.o
                0x0000000008000b34                LL_Init1msTick
 .text.LL_mDelay
                0x0000000008000b54       0x28 build/stm32l0xx_ll_utils.o
                0x0000000008000b54                LL_mDelay
 .text.LL_SetSystemCoreClock
                0x0000000008000b7c        0xc build/stm32l0xx_ll_utils.o
                0x0000000008000b7c                LL_SetSystemCoreClock
 .text.SystemInit
                0x0000000008000b88        0x2 build/system_stm32l0xx.o
                0x0000000008000b88                SystemInit
 *fill*         0x0000000008000b8a        0x2 
 .text.Reset_Handler
                0x0000000008000b8c       0x50 build/startup_stm32l031xx.o
                0x0000000008000b8c                Reset_Handler
 .text.Default_Handler
                0x0000000008000bdc        0x2 build/startup_stm32l031xx.o
                0x0000000008000bdc                ADC1_COMP_IRQHandler
                0x0000000008000bdc                PVD_IRQHandler
                0x0000000008000bdc                I2C1_IRQHandler
                0x0000000008000bdc                SPI1_IRQHandler
                0x0000000008000bdc                EXTI2_3_IRQHandler
                0x0000000008000bdc                RTC_IRQHandler
                0x0000000008000bdc                DMA1_Channel4_5_6_7_IRQHandler
                0x0000000008000bdc                EXTI4_15_IRQHandler
                0x0000000008000bdc                RCC_IRQHandler
                0x0000000008000bdc                DMA1_Channel1_IRQHandler
                0x0000000008000bdc                Default_Handler
                0x0000000008000bdc                TIM22_IRQHandler
                0x0000000008000bdc                TIM21_IRQHandler
                0x0000000008000bdc                WWDG_IRQHandler
                0x0000000008000bdc                LPUART1_IRQHandler
                0x0000000008000bdc                DMA1_Channel2_3_IRQHandler
                0x0000000008000bdc                USART2_IRQHandler
                0x0000000008000bdc                FLASH_IRQHandler
                0x0000000008000bdc                LPTIM1_IRQHandler
 *fill*         0x0000000008000bde        0x2 
 .text.__libc_init_array
                0x0000000008000be0       0x48 /usr/local/bin/../lib/gcc/arm-none-eabi/11.2.1/../../../../arm-none-eabi/lib/thumb/v6-m/nofp/libc_nano.a(lib_a-init.o)
                0x0000000008000be0                __libc_init_array
 .text.memset   0x0000000008000c28       0x10 /usr/local/bin/../lib/gcc/arm-none-eabi/11.2.1/../../../../arm-none-eabi/lib/thumb/v6-m/nofp/libc_nano.a(lib_a-memset.o)
                0x0000000008000c28                memset
 *(.glue_7)
 .glue_7        0x0000000008000c38        0x0 linker stubs
 *(.glue_7t)
 .glue_7t       0x0000000008000c38        0x0 linker stubs
 *(.eh_frame)
 .eh_frame      0x0000000008000c38        0x0 /usr/local/bin/../lib/gcc/arm-none-eabi/11.2.1/thumb/v6-m/nofp/crtbegin.o
 *(.init)
 .init          0x0000000008000c38        0x4 /usr/local/bin/../lib/gcc/arm-none-eabi/11.2.1/thumb/v6-m/nofp/crti.o
                0x0000000008000c38                _init
 .init          0x0000000008000c3c        0x8 /usr/local/bin/../lib/gcc/arm-none-eabi/11.2.1/thumb/v6-m/nofp/crtn.o
 *(.fini)
 .fini          0x0000000008000c44        0x4 /usr/local/bin/../lib/gcc/arm-none-eabi/11.2.1/thumb/v6-m/nofp/crti.o
                0x0000000008000c44                _fini
 .fini          0x0000000008000c48        0x8 /usr/local/bin/../lib/gcc/arm-none-eabi/11.2.1/thumb/v6-m/nofp/crtn.o
                0x0000000008000c50                . = ALIGN (0x4)
                0x0000000008000c50                _etext = .

.vfp11_veneer   0x0000000008000c50        0x0
 .vfp11_veneer  0x0000000008000c50        0x0 linker stubs

.v4_bx          0x0000000008000c50        0x0
 .v4_bx         0x0000000008000c50        0x0 linker stubs

.iplt           0x0000000008000c50        0x0
 .iplt          0x0000000008000c50        0x0 /usr/local/bin/../lib/gcc/arm-none-eabi/11.2.1/thumb/v6-m/nofp/crtbegin.o

.rel.dyn        0x0000000008000c50        0x0
 .rel.iplt      0x0000000008000c50        0x0 /usr/local/bin/../lib/gcc/arm-none-eabi/11.2.1/thumb/v6-m/nofp/crtbegin.o

.rodata         0x0000000008000c50        0x0
                0x0000000008000c50                . = ALIGN (0x4)
 *(.rodata)
 *(.rodata*)
                0x0000000008000c50                . = ALIGN (0x4)

.ARM.extab
 *(.ARM.extab* .gnu.linkonce.armextab.*)

.ARM            0x0000000008000c50        0x0
                0x0000000008000c50                __exidx_start = .
 *(.ARM.exidx*)
                0x0000000008000c50                __exidx_end = .

.preinit_array  0x0000000008000c50        0x0
                0x0000000008000c50                PROVIDE (__preinit_array_start = .)
 *(.preinit_array*)
                0x0000000008000c50                PROVIDE (__preinit_array_end = .)

.init_array     0x0000000008000c50        0x4
                0x0000000008000c50                PROVIDE (__init_array_start = .)
 *(SORT_BY_NAME(.init_array.*))
 *(.init_array*)
 .init_array    0x0000000008000c50        0x4 /usr/local/bin/../lib/gcc/arm-none-eabi/11.2.1/thumb/v6-m/nofp/crtbegin.o
                0x0000000008000c54                PROVIDE (__init_array_end = .)

.fini_array     0x0000000008000c54        0x4
                [!provide]                        PROVIDE (__fini_array_start = .)
 *(SORT_BY_NAME(.fini_array.*))
 *(.fini_array*)
 .fini_array    0x0000000008000c54        0x4 /usr/local/bin/../lib/gcc/arm-none-eabi/11.2.1/thumb/v6-m/nofp/crtbegin.o
                [!provide]                        PROVIDE (__fini_array_end = .)
                0x0000000008000c58                _sidata = LOADADDR (.data)

.data           0x0000000020000000        0x4 load address 0x0000000008000c58
                0x0000000020000000                . = ALIGN (0x4)
                0x0000000020000000                _sdata = .
 *(.data)
 *(.data*)
 .data.SystemCoreClock
                0x0000000020000000        0x4 build/system_stm32l0xx.o
                0x0000000020000000                SystemCoreClock
                0x0000000020000004                . = ALIGN (0x4)
                0x0000000020000004                _edata = .

.tm_clone_table
                0x0000000020000004        0x0 load address 0x0000000008000c5c
 .tm_clone_table
                0x0000000020000004        0x0 /usr/local/bin/../lib/gcc/arm-none-eabi/11.2.1/thumb/v6-m/nofp/crtbegin.o
 .tm_clone_table
                0x0000000020000004        0x0 /usr/local/bin/../lib/gcc/arm-none-eabi/11.2.1/thumb/v6-m/nofp/crtend.o

.igot.plt       0x0000000020000004        0x0 load address 0x0000000008000c5c
 .igot.plt      0x0000000020000004        0x0 /usr/local/bin/../lib/gcc/arm-none-eabi/11.2.1/thumb/v6-m/nofp/crtbegin.o
                0x0000000020000004                . = ALIGN (0x4)

.bss            0x0000000020000004       0x28 load address 0x0000000008000c5c
                0x0000000020000004                _sbss = .
                0x0000000020000004                __bss_start__ = _sbss
 *(.bss)
 *(.bss*)
 .bss.completed.1
                0x0000000020000004        0x1 /usr/local/bin/../lib/gcc/arm-none-eabi/11.2.1/thumb/v6-m/nofp/crtbegin.o
 *fill*         0x0000000020000005        0x3 
 .bss.object.0  0x0000000020000008       0x18 /usr/local/bin/../lib/gcc/arm-none-eabi/11.2.1/thumb/v6-m/nofp/crtbegin.o
 .bss.Cloasing_now
                0x0000000020000020        0x1 build/main.o
                0x0000000020000020                Cloasing_now
 *fill*         0x0000000020000021        0x3 
 .bss.Steps     0x0000000020000024        0x4 build/main.o
                0x0000000020000024                Steps
 .bss.count     0x0000000020000028        0x2 build/main.o
                0x0000000020000028                count
 .bss.coverClosed
                0x000000002000002a        0x1 build/main.o
                0x000000002000002a                coverClosed
 *(COMMON)
                0x000000002000002c                . = ALIGN (0x4)
 *fill*         0x000000002000002b        0x1 
                0x000000002000002c                _ebss = .
                0x000000002000002c                __bss_end__ = _ebss

._user_heap_stack
                0x000000002000002c      0x604 load address 0x0000000008000c5c
                0x0000000020000030                . = ALIGN (0x8)
 *fill*         0x000000002000002c        0x4 
                [!provide]                        PROVIDE (end = .)
                [!provide]                        PROVIDE (_end = .)
                0x0000000020000230                . = (. + _Min_Heap_Size)
 *fill*         0x0000000020000030      0x200 
                0x0000000020000630                . = (. + _Min_Stack_Size)
 *fill*         0x0000000020000230      0x400 
                0x0000000020000630                . = ALIGN (0x8)

/DISCARD/
 libc.a(*)
 libm.a(*)
 libgcc.a(*)

.ARM.attributes
                0x0000000000000000       0x28
 *(.ARM.attributes)
 .ARM.attributes
                0x0000000000000000       0x1e /usr/local/bin/../lib/gcc/arm-none-eabi/11.2.1/thumb/v6-m/nofp/crti.o
 .ARM.attributes
                0x000000000000001e       0x2c /usr/local/bin/../lib/gcc/arm-none-eabi/11.2.1/thumb/v6-m/nofp/crtbegin.o
 .ARM.attributes
                0x000000000000004a       0x2c build/main.o
 .ARM.attributes
                0x0000000000000076       0x2c build/gpio.o
 .ARM.attributes
                0x00000000000000a2       0x2c build/tim.o
 .ARM.attributes
                0x00000000000000ce       0x2c build/stm32l0xx_it.o
 .ARM.attributes
                0x00000000000000fa       0x2c build/stm32l0xx_ll_gpio.o
 .ARM.attributes
                0x0000000000000126       0x2c build/stm32l0xx_ll_exti.o
 .ARM.attributes
                0x0000000000000152       0x2c build/stm32l0xx_ll_tim.o
 .ARM.attributes
                0x000000000000017e       0x2c build/stm32l0xx_ll_utils.o
 .ARM.attributes
                0x00000000000001aa       0x2c build/system_stm32l0xx.o
 .ARM.attributes
                0x00000000000001d6       0x22 build/startup_stm32l031xx.o
 .ARM.attributes
                0x00000000000001f8       0x2c /usr/local/bin/../lib/gcc/arm-none-eabi/11.2.1/../../../../arm-none-eabi/lib/thumb/v6-m/nofp/libc_nano.a(lib_a-init.o)
 .ARM.attributes
                0x0000000000000224       0x2c /usr/local/bin/../lib/gcc/arm-none-eabi/11.2.1/../../../../arm-none-eabi/lib/thumb/v6-m/nofp/libc_nano.a(lib_a-memset.o)
 .ARM.attributes
                0x0000000000000250       0x1e /usr/local/bin/../lib/gcc/arm-none-eabi/11.2.1/thumb/v6-m/nofp/libgcc.a(_udivsi3.o)
 .ARM.attributes
                0x000000000000026e       0x1e /usr/local/bin/../lib/gcc/arm-none-eabi/11.2.1/thumb/v6-m/nofp/libgcc.a(_dvmd_tls.o)
 .ARM.attributes
                0x000000000000028c       0x2c /usr/local/bin/../lib/gcc/arm-none-eabi/11.2.1/thumb/v6-m/nofp/crtend.o
 .ARM.attributes
                0x00000000000002b8       0x1e /usr/local/bin/../lib/gcc/arm-none-eabi/11.2.1/thumb/v6-m/nofp/crtn.o
OUTPUT(build/FW.elf elf32-littlearm)
LOAD linker stubs
LOAD /usr/local/bin/../lib/gcc/arm-none-eabi/11.2.1/../../../../arm-none-eabi/lib/thumb/v6-m/nofp/libc.a
LOAD /usr/local/bin/../lib/gcc/arm-none-eabi/11.2.1/../../../../arm-none-eabi/lib/thumb/v6-m/nofp/libm.a
LOAD /usr/local/bin/../lib/gcc/arm-none-eabi/11.2.1/thumb/v6-m/nofp/libgcc.a

.comment        0x0000000000000000       0x57
 .comment       0x0000000000000000       0x57 /usr/local/bin/../lib/gcc/arm-none-eabi/11.2.1/thumb/v6-m/nofp/crtbegin.o
                                         0x58 (size before relaxing)
 .comment       0x0000000000000057       0x58 build/main.o
 .comment       0x0000000000000057       0x58 build/gpio.o
 .comment       0x0000000000000057       0x58 build/tim.o
 .comment       0x0000000000000057       0x58 build/stm32l0xx_it.o
 .comment       0x0000000000000057       0x58 build/stm32l0xx_ll_gpio.o
 .comment       0x0000000000000057       0x58 build/stm32l0xx_ll_exti.o
 .comment       0x0000000000000057       0x58 build/stm32l0xx_ll_tim.o
 .comment       0x0000000000000057       0x58 build/stm32l0xx_ll_utils.o
 .comment       0x0000000000000057       0x58 build/system_stm32l0xx.o
 .comment       0x0000000000000057       0x58 /usr/local/bin/../lib/gcc/arm-none-eabi/11.2.1/../../../../arm-none-eabi/lib/thumb/v6-m/nofp/libc_nano.a(lib_a-init.o)
 .comment       0x0000000000000057       0x58 /usr/local/bin/../lib/gcc/arm-none-eabi/11.2.1/../../../../arm-none-eabi/lib/thumb/v6-m/nofp/libc_nano.a(lib_a-memset.o)
 .comment       0x0000000000000057       0x58 /usr/local/bin/../lib/gcc/arm-none-eabi/11.2.1/thumb/v6-m/nofp/crtend.o

.debug_info     0x0000000000000000     0x674d
 .debug_info    0x0000000000000000     0x18cf build/main.o
 .debug_info    0x00000000000018cf      0xde9 build/gpio.o
 .debug_info    0x00000000000026b8      0x9ec build/tim.o
 .debug_info    0x00000000000030a4      0x6c9 build/stm32l0xx_it.o
 .debug_info    0x000000000000376d      0x858 build/stm32l0xx_ll_gpio.o
 .debug_info    0x0000000000003fc5      0x53f build/stm32l0xx_ll_exti.o
 .debug_info    0x0000000000004504     0x100a build/stm32l0xx_ll_tim.o
 .debug_info    0x000000000000550e      0xc6d build/stm32l0xx_ll_utils.o
 .debug_info    0x000000000000617b      0x37c build/system_stm32l0xx.o
 .debug_info    0x00000000000064f7       0x22 build/startup_stm32l031xx.o
 .debug_info    0x0000000000006519      0x10b /usr/local/bin/../lib/gcc/arm-none-eabi/11.2.1/../../../../arm-none-eabi/lib/thumb/v6-m/nofp/libc_nano.a(lib_a-init.o)
 .debug_info    0x0000000000006624       0xe0 /usr/local/bin/../lib/gcc/arm-none-eabi/11.2.1/../../../../arm-none-eabi/lib/thumb/v6-m/nofp/libc_nano.a(lib_a-memset.o)
 .debug_info    0x0000000000006704       0x25 /usr/local/bin/../lib/gcc/arm-none-eabi/11.2.1/thumb/v6-m/nofp/libgcc.a(_udivsi3.o)
 .debug_info    0x0000000000006729       0x24 /usr/local/bin/../lib/gcc/arm-none-eabi/11.2.1/thumb/v6-m/nofp/libgcc.a(_dvmd_tls.o)

.debug_abbrev   0x0000000000000000     0x15cf
 .debug_abbrev  0x0000000000000000      0x373 build/main.o
 .debug_abbrev  0x0000000000000373      0x208 build/gpio.o
 .debug_abbrev  0x000000000000057b      0x1e8 build/tim.o
 .debug_abbrev  0x0000000000000763      0x1d8 build/stm32l0xx_it.o
 .debug_abbrev  0x000000000000093b      0x231 build/stm32l0xx_ll_gpio.o
 .debug_abbrev  0x0000000000000b6c      0x1aa build/stm32l0xx_ll_exti.o
 .debug_abbrev  0x0000000000000d16      0x2b7 build/stm32l0xx_ll_tim.o
 .debug_abbrev  0x0000000000000fcd      0x32d build/stm32l0xx_ll_utils.o
 .debug_abbrev  0x00000000000012fa      0x134 build/system_stm32l0xx.o
 .debug_abbrev  0x000000000000142e       0x12 build/startup_stm32l031xx.o
 .debug_abbrev  0x0000000000001440       0xc9 /usr/local/bin/../lib/gcc/arm-none-eabi/11.2.1/../../../../arm-none-eabi/lib/thumb/v6-m/nofp/libc_nano.a(lib_a-init.o)
 .debug_abbrev  0x0000000000001509       0x9e /usr/local/bin/../lib/gcc/arm-none-eabi/11.2.1/../../../../arm-none-eabi/lib/thumb/v6-m/nofp/libc_nano.a(lib_a-memset.o)
 .debug_abbrev  0x00000000000015a7       0x14 /usr/local/bin/../lib/gcc/arm-none-eabi/11.2.1/thumb/v6-m/nofp/libgcc.a(_udivsi3.o)
 .debug_abbrev  0x00000000000015bb       0x14 /usr/local/bin/../lib/gcc/arm-none-eabi/11.2.1/thumb/v6-m/nofp/libgcc.a(_dvmd_tls.o)

.debug_loc      0x0000000000000000     0x27ad
 .debug_loc     0x0000000000000000      0x53a build/main.o
 .debug_loc     0x000000000000053a      0x358 build/gpio.o
 .debug_loc     0x0000000000000892      0x110 build/tim.o
 .debug_loc     0x00000000000009a2       0xd0 build/stm32l0xx_it.o
 .debug_loc     0x0000000000000a72      0x3a4 build/stm32l0xx_ll_gpio.o
 .debug_loc     0x0000000000000e16      0x2b6 build/stm32l0xx_ll_exti.o
 .debug_loc     0x00000000000010cc      0xd5b build/stm32l0xx_ll_tim.o
 .debug_loc     0x0000000000001e27      0x76a build/stm32l0xx_ll_utils.o
 .debug_loc     0x0000000000002591      0x21c build/system_stm32l0xx.o

.debug_aranges  0x0000000000000000      0x320
 .debug_aranges
                0x0000000000000000       0x60 build/main.o
 .debug_aranges
                0x0000000000000060       0x20 build/gpio.o
 .debug_aranges
                0x0000000000000080       0x20 build/tim.o
 .debug_aranges
                0x00000000000000a0       0x50 build/stm32l0xx_it.o
 .debug_aranges
                0x00000000000000f0       0x30 build/stm32l0xx_ll_gpio.o
 .debug_aranges
                0x0000000000000120       0x30 build/stm32l0xx_ll_exti.o
 .debug_aranges
                0x0000000000000150       0xa0 build/stm32l0xx_ll_tim.o
 .debug_aranges
                0x00000000000001f0       0x60 build/stm32l0xx_ll_utils.o
 .debug_aranges
                0x0000000000000250       0x28 build/system_stm32l0xx.o
 .debug_aranges
                0x0000000000000278       0x28 build/startup_stm32l031xx.o
 .debug_aranges
                0x00000000000002a0       0x20 /usr/local/bin/../lib/gcc/arm-none-eabi/11.2.1/../../../../arm-none-eabi/lib/thumb/v6-m/nofp/libc_nano.a(lib_a-init.o)
 .debug_aranges
                0x00000000000002c0       0x20 /usr/local/bin/../lib/gcc/arm-none-eabi/11.2.1/../../../../arm-none-eabi/lib/thumb/v6-m/nofp/libc_nano.a(lib_a-memset.o)
 .debug_aranges
                0x00000000000002e0       0x20 /usr/local/bin/../lib/gcc/arm-none-eabi/11.2.1/thumb/v6-m/nofp/libgcc.a(_udivsi3.o)
 .debug_aranges
                0x0000000000000300       0x20 /usr/local/bin/../lib/gcc/arm-none-eabi/11.2.1/thumb/v6-m/nofp/libgcc.a(_dvmd_tls.o)

.debug_ranges   0x0000000000000000      0x2c8
 .debug_ranges  0x0000000000000000       0x50 build/main.o
 .debug_ranges  0x0000000000000050       0x10 build/gpio.o
 .debug_ranges  0x0000000000000060       0x10 build/tim.o
 .debug_ranges  0x0000000000000070       0x40 build/stm32l0xx_it.o
 .debug_ranges  0x00000000000000b0       0x68 build/stm32l0xx_ll_gpio.o
 .debug_ranges  0x0000000000000118       0x50 build/stm32l0xx_ll_exti.o
 .debug_ranges  0x0000000000000168       0xd8 build/stm32l0xx_ll_tim.o
 .debug_ranges  0x0000000000000240       0x50 build/stm32l0xx_ll_utils.o
 .debug_ranges  0x0000000000000290       0x18 build/system_stm32l0xx.o
 .debug_ranges  0x00000000000002a8       0x20 build/startup_stm32l031xx.o

.debug_line     0x0000000000000000     0x2f10
 .debug_line    0x0000000000000000      0x905 build/main.o
 .debug_line    0x0000000000000905      0x49a build/gpio.o
 .debug_line    0x0000000000000d9f      0x26e build/tim.o
 .debug_line    0x000000000000100d      0x302 build/stm32l0xx_it.o
 .debug_line    0x000000000000130f      0x3d9 build/stm32l0xx_ll_gpio.o
 .debug_line    0x00000000000016e8      0x35d build/stm32l0xx_ll_exti.o
 .debug_line    0x0000000000001a45      0x7ae build/stm32l0xx_ll_tim.o
 .debug_line    0x00000000000021f3      0x71f build/stm32l0xx_ll_utils.o
 .debug_line    0x0000000000002912      0x20a build/system_stm32l0xx.o
 .debug_line    0x0000000000002b1c       0x77 build/startup_stm32l031xx.o
 .debug_line    0x0000000000002b93      0x174 /usr/local/bin/../lib/gcc/arm-none-eabi/11.2.1/../../../../arm-none-eabi/lib/thumb/v6-m/nofp/libc_nano.a(lib_a-init.o)
 .debug_line    0x0000000000002d07      0x169 /usr/local/bin/../lib/gcc/arm-none-eabi/11.2.1/../../../../arm-none-eabi/lib/thumb/v6-m/nofp/libc_nano.a(lib_a-memset.o)
 .debug_line    0x0000000000002e70       0x56 /usr/local/bin/../lib/gcc/arm-none-eabi/11.2.1/thumb/v6-m/nofp/libgcc.a(_udivsi3.o)
 .debug_line    0x0000000000002ec6       0x4a /usr/local/bin/../lib/gcc/arm-none-eabi/11.2.1/thumb/v6-m/nofp/libgcc.a(_dvmd_tls.o)

.debug_str      0x0000000000000000     0x17e7
 .debug_str     0x0000000000000000      0x875 build/main.o
                                        0x906 (size before relaxing)
 .debug_str     0x0000000000000875      0x181 build/gpio.o
                                        0x658 (size before relaxing)
 .debug_str     0x00000000000009f6       0xdc build/tim.o
                                        0x616 (size before relaxing)
 .debug_str     0x0000000000000ad2       0xec build/stm32l0xx_it.o
                                        0x3a7 (size before relaxing)
 .debug_str     0x0000000000000bbe       0xf8 build/stm32l0xx_ll_gpio.o
                                        0x3af (size before relaxing)
 .debug_str     0x0000000000000cb6      0x114 build/stm32l0xx_ll_exti.o
                                        0x340 (size before relaxing)
 .debug_str     0x0000000000000dca      0x3cc build/stm32l0xx_ll_tim.o
                                        0x6fa (size before relaxing)
 .debug_str     0x0000000000001196      0x291 build/stm32l0xx_ll_utils.o
                                        0x665 (size before relaxing)
 .debug_str     0x0000000000001427       0x6c build/system_stm32l0xx.o
                                        0x28f (size before relaxing)
 .debug_str     0x0000000000001493       0x22 build/startup_stm32l031xx.o
                                         0x41 (size before relaxing)
 .debug_str     0x00000000000014b5      0x1da /usr/local/bin/../lib/gcc/arm-none-eabi/11.2.1/../../../../arm-none-eabi/lib/thumb/v6-m/nofp/libc_nano.a(lib_a-init.o)
                                        0x269 (size before relaxing)
 .debug_str     0x000000000000168f       0xdd /usr/local/bin/../lib/gcc/arm-none-eabi/11.2.1/../../../../arm-none-eabi/lib/thumb/v6-m/nofp/libc_nano.a(lib_a-memset.o)
                                        0x20a (size before relaxing)
 .debug_str     0x000000000000176c       0x7b /usr/local/bin/../lib/gcc/arm-none-eabi/11.2.1/thumb/v6-m/nofp/libgcc.a(_udivsi3.o)
                                         0x87 (size before relaxing)
 .debug_str     0x00000000000017e7       0x87 /usr/local/bin/../lib/gcc/arm-none-eabi/11.2.1/thumb/v6-m/nofp/libgcc.a(_dvmd_tls.o)

.debug_frame    0x0000000000000000      0x56c
 .debug_frame   0x0000000000000000       0xd8 build/main.o
 .debug_frame   0x00000000000000d8       0x3c build/gpio.o
 .debug_frame   0x0000000000000114       0x2c build/tim.o
 .debug_frame   0x0000000000000140       0x80 build/stm32l0xx_it.o
 .debug_frame   0x00000000000001c0       0x50 build/stm32l0xx_ll_gpio.o
 .debug_frame   0x0000000000000210       0x48 build/stm32l0xx_ll_exti.o
 .debug_frame   0x0000000000000258      0x194 build/stm32l0xx_ll_tim.o
 .debug_frame   0x00000000000003ec       0xdc build/stm32l0xx_ll_utils.o
 .debug_frame   0x00000000000004c8       0x38 build/system_stm32l0xx.o
 .debug_frame   0x0000000000000500       0x2c /usr/local/bin/../lib/gcc/arm-none-eabi/11.2.1/../../../../arm-none-eabi/lib/thumb/v6-m/nofp/libc_nano.a(lib_a-init.o)
 .debug_frame   0x000000000000052c       0x20 /usr/local/bin/../lib/gcc/arm-none-eabi/11.2.1/../../../../arm-none-eabi/lib/thumb/v6-m/nofp/libc_nano.a(lib_a-memset.o)
 .debug_frame   0x000000000000054c       0x20 /usr/local/bin/../lib/gcc/arm-none-eabi/11.2.1/thumb/v6-m/nofp/libgcc.a(_udivsi3.o)

.debug_loclists
                0x0000000000000000       0xb0
 .debug_loclists
                0x0000000000000000       0x42 /usr/local/bin/../lib/gcc/arm-none-eabi/11.2.1/../../../../arm-none-eabi/lib/thumb/v6-m/nofp/libc_nano.a(lib_a-init.o)
 .debug_loclists
                0x0000000000000042       0x6e /usr/local/bin/../lib/gcc/arm-none-eabi/11.2.1/../../../../arm-none-eabi/lib/thumb/v6-m/nofp/libc_nano.a(lib_a-memset.o)

.debug_rnglists
                0x0000000000000000       0x26
 .debug_rnglists
                0x0000000000000000       0x13 /usr/local/bin/../lib/gcc/arm-none-eabi/11.2.1/../../../../arm-none-eabi/lib/thumb/v6-m/nofp/libc_nano.a(lib_a-init.o)
 .debug_rnglists
                0x0000000000000013       0x13 /usr/local/bin/../lib/gcc/arm-none-eabi/11.2.1/../../../../arm-none-eabi/lib/thumb/v6-m/nofp/libc_nano.a(lib_a-memset.o)

.debug_line_str
                0x0000000000000000       0x53
 .debug_line_str
                0x0000000000000000       0x53 /usr/local/bin/../lib/gcc/arm-none-eabi/11.2.1/thumb/v6-m/nofp/libgcc.a(_udivsi3.o)
                                         0xa6 (size before relaxing)
 .debug_line_str
                0x0000000000000053       0xa6 /usr/local/bin/../lib/gcc/arm-none-eabi/11.2.1/thumb/v6-m/nofp/libgcc.a(_dvmd_tls.o)

Cross Reference Table

Symbol                                            File
ADC1_COMP_IRQHandler                              build/startup_stm32l031xx.o
AHBPrescTable                                     build/system_stm32l0xx.o
                                                  build/stm32l0xx_ll_utils.o
                                                  build/stm32l0xx_ll_rcc.o
APBPrescTable                                     build/system_stm32l0xx.o
                                                  build/stm32l0xx_ll_rcc.o
Cloasing_now                                      build/main.o
                                                  build/stm32l0xx_it.o
DMA1_Channel1_IRQHandler                          build/startup_stm32l031xx.o
DMA1_Channel2_3_IRQHandler                        build/startup_stm32l031xx.o
DMA1_Channel4_5_6_7_IRQHandler                    build/startup_stm32l031xx.o
Default_Handler                                   build/startup_stm32l031xx.o
EXTI0_1_IRQHandler                                build/stm32l0xx_it.o
EXTI2_3_IRQHandler                                build/startup_stm32l031xx.o
EXTI4_15_IRQHandler                               build/startup_stm32l031xx.o
Error_Handler                                     build/main.o
FLASH_IRQHandler                                  build/startup_stm32l031xx.o
HardFault_Handler                                 build/stm32l0xx_it.o
I2C1_IRQHandler                                   build/startup_stm32l031xx.o
LL_DMA_DeInit                                     build/stm32l0xx_ll_dma.o
LL_DMA_Init                                       build/stm32l0xx_ll_dma.o
LL_DMA_StructInit                                 build/stm32l0xx_ll_dma.o
LL_EXTI_DeInit                                    build/stm32l0xx_ll_exti.o
LL_EXTI_Init                                      build/stm32l0xx_ll_exti.o
                                                  build/gpio.o
LL_EXTI_StructInit                                build/stm32l0xx_ll_exti.o
LL_GPIO_DeInit                                    build/stm32l0xx_ll_gpio.o
LL_GPIO_Init                                      build/stm32l0xx_ll_gpio.o
                                                  build/gpio.o
LL_GPIO_StructInit                                build/stm32l0xx_ll_gpio.o
LL_Init1msTick                                    build/stm32l0xx_ll_utils.o
                                                  build/main.o
LL_PLL_ConfigSystemClock_HSE                      build/stm32l0xx_ll_utils.o
LL_PLL_ConfigSystemClock_HSI                      build/stm32l0xx_ll_utils.o
LL_PWR_DeInit                                     build/stm32l0xx_ll_pwr.o
LL_RCC_DeInit                                     build/stm32l0xx_ll_rcc.o
LL_RCC_GetI2CClockFreq                            build/stm32l0xx_ll_rcc.o
LL_RCC_GetLPTIMClockFreq                          build/stm32l0xx_ll_rcc.o
LL_RCC_GetLPUARTClockFreq                         build/stm32l0xx_ll_rcc.o
LL_RCC_GetSystemClocksFreq                        build/stm32l0xx_ll_rcc.o
LL_RCC_GetUSARTClockFreq                          build/stm32l0xx_ll_rcc.o
LL_SetFlashLatency                                build/stm32l0xx_ll_utils.o
LL_SetSystemCoreClock                             build/stm32l0xx_ll_utils.o
                                                  build/main.o
LL_TIM_DeInit                                     build/stm32l0xx_ll_tim.o
LL_TIM_ENCODER_Init                               build/stm32l0xx_ll_tim.o
LL_TIM_ENCODER_StructInit                         build/stm32l0xx_ll_tim.o
LL_TIM_IC_Init                                    build/stm32l0xx_ll_tim.o
LL_TIM_IC_StructInit                              build/stm32l0xx_ll_tim.o
LL_TIM_Init                                       build/stm32l0xx_ll_tim.o
                                                  build/tim.o
LL_TIM_OC_Init                                    build/stm32l0xx_ll_tim.o
LL_TIM_OC_StructInit                              build/stm32l0xx_ll_tim.o
LL_TIM_StructInit                                 build/stm32l0xx_ll_tim.o
LL_mDelay                                         build/stm32l0xx_ll_utils.o
                                                  build/main.o
LPTIM1_IRQHandler                                 build/startup_stm32l031xx.o
LPUART1_IRQHandler                                build/startup_stm32l031xx.o
MX_GPIO_Init                                      build/gpio.o
                                                  build/main.o
MX_TIM2_Init                                      build/tim.o
                                                  build/main.o
NMI_Handler                                       build/stm32l0xx_it.o
PLLMulTable                                       build/system_stm32l0xx.o
                                                  build/stm32l0xx_ll_utils.o
                                                  build/stm32l0xx_ll_rcc.o
PVD_IRQHandler                                    build/startup_stm32l031xx.o
PendSV_Handler                                    build/stm32l0xx_it.o
RCC_IRQHandler                                    build/startup_stm32l031xx.o
RTC_IRQHandler                                    build/startup_stm32l031xx.o
Reset_Handler                                     build/startup_stm32l031xx.o
SPI1_IRQHandler                                   build/startup_stm32l031xx.o
SVC_Handler                                       build/stm32l0xx_it.o
Step                                              build/main.o
Steps                                             build/main.o
SysTick_Handler                                   build/stm32l0xx_it.o
SystemClock_Config                                build/main.o
SystemCoreClock                                   build/system_stm32l0xx.o
                                                  build/stm32l0xx_ll_utils.o
SystemCoreClockUpdate                             build/system_stm32l0xx.o
SystemInit                                        build/system_stm32l0xx.o
                                                  build/startup_stm32l031xx.o
TIM21_IRQHandler                                  build/startup_stm32l031xx.o
TIM22_IRQHandler                                  build/startup_stm32l031xx.o
TIM2_IRQHandler                                   build/stm32l0xx_it.o
USART2_IRQHandler                                 build/startup_stm32l031xx.o
WWDG_IRQHandler                                   build/startup_stm32l031xx.o
_ITM_deregisterTMCloneTable                       /usr/local/bin/../lib/gcc/arm-none-eabi/11.2.1/thumb/v6-m/nofp/crtbegin.o
_ITM_registerTMCloneTable                         /usr/local/bin/../lib/gcc/arm-none-eabi/11.2.1/thumb/v6-m/nofp/crtbegin.o
__TMC_END__                                       /usr/local/bin/../lib/gcc/arm-none-eabi/11.2.1/thumb/v6-m/nofp/crtend.o
                                                  /usr/local/bin/../lib/gcc/arm-none-eabi/11.2.1/thumb/v6-m/nofp/crtbegin.o
__aeabi_idiv0                                     /usr/local/bin/../lib/gcc/arm-none-eabi/11.2.1/thumb/v6-m/nofp/libgcc.a(_dvmd_tls.o)
                                                  /usr/local/bin/../lib/gcc/arm-none-eabi/11.2.1/thumb/v6-m/nofp/libgcc.a(_udivsi3.o)
__aeabi_ldiv0                                     /usr/local/bin/../lib/gcc/arm-none-eabi/11.2.1/thumb/v6-m/nofp/libgcc.a(_dvmd_tls.o)
__aeabi_uidiv                                     /usr/local/bin/../lib/gcc/arm-none-eabi/11.2.1/thumb/v6-m/nofp/libgcc.a(_udivsi3.o)
                                                  build/system_stm32l0xx.o
                                                  build/stm32l0xx_ll_utils.o
                                                  build/stm32l0xx_ll_rcc.o
__aeabi_uidivmod                                  /usr/local/bin/../lib/gcc/arm-none-eabi/11.2.1/thumb/v6-m/nofp/libgcc.a(_udivsi3.o)
__bss_end__                                       /usr/local/bin/../lib/gcc/arm-none-eabi/11.2.1/../../../../arm-none-eabi/lib/thumb/v6-m/nofp/crt0.o
__bss_start__                                     /usr/local/bin/../lib/gcc/arm-none-eabi/11.2.1/../../../../arm-none-eabi/lib/thumb/v6-m/nofp/crt0.o
__call_exitprocs                                  /usr/local/bin/../lib/gcc/arm-none-eabi/11.2.1/../../../../arm-none-eabi/lib/thumb/v6-m/nofp/libc_nano.a(lib_a-exit.o)
__deregister_frame_info                           /usr/local/bin/../lib/gcc/arm-none-eabi/11.2.1/thumb/v6-m/nofp/crtbegin.o
__dso_handle                                      /usr/local/bin/../lib/gcc/arm-none-eabi/11.2.1/thumb/v6-m/nofp/crtbegin.o
__init_array_end                                  /usr/local/bin/../lib/gcc/arm-none-eabi/11.2.1/../../../../arm-none-eabi/lib/thumb/v6-m/nofp/libc_nano.a(lib_a-init.o)
__init_array_start                                /usr/local/bin/../lib/gcc/arm-none-eabi/11.2.1/../../../../arm-none-eabi/lib/thumb/v6-m/nofp/libc_nano.a(lib_a-init.o)
__libc_fini_array                                 /usr/local/bin/../lib/gcc/arm-none-eabi/11.2.1/../../../../arm-none-eabi/lib/thumb/v6-m/nofp/crt0.o
__libc_init_array                                 /usr/local/bin/../lib/gcc/arm-none-eabi/11.2.1/../../../../arm-none-eabi/lib/thumb/v6-m/nofp/libc_nano.a(lib_a-init.o)
                                                  build/startup_stm32l031xx.o
                                                  /usr/local/bin/../lib/gcc/arm-none-eabi/11.2.1/../../../../arm-none-eabi/lib/thumb/v6-m/nofp/crt0.o
__preinit_array_end                               /usr/local/bin/../lib/gcc/arm-none-eabi/11.2.1/../../../../arm-none-eabi/lib/thumb/v6-m/nofp/libc_nano.a(lib_a-init.o)
__preinit_array_start                             /usr/local/bin/../lib/gcc/arm-none-eabi/11.2.1/../../../../arm-none-eabi/lib/thumb/v6-m/nofp/libc_nano.a(lib_a-init.o)
__register_frame_info                             /usr/local/bin/../lib/gcc/arm-none-eabi/11.2.1/thumb/v6-m/nofp/crtbegin.o
__sf_fake_stderr                                  /usr/local/bin/../lib/gcc/arm-none-eabi/11.2.1/../../../../arm-none-eabi/lib/thumb/v6-m/nofp/libc_nano.a(lib_a-impure.o)
__sf_fake_stdin                                   /usr/local/bin/../lib/gcc/arm-none-eabi/11.2.1/../../../../arm-none-eabi/lib/thumb/v6-m/nofp/libc_nano.a(lib_a-impure.o)
__sf_fake_stdout                                  /usr/local/bin/../lib/gcc/arm-none-eabi/11.2.1/../../../../arm-none-eabi/lib/thumb/v6-m/nofp/libc_nano.a(lib_a-impure.o)
__stack                                           /usr/local/bin/../lib/gcc/arm-none-eabi/11.2.1/../../../../arm-none-eabi/lib/thumb/v6-m/nofp/crt0.o
__udivsi3                                         /usr/local/bin/../lib/gcc/arm-none-eabi/11.2.1/thumb/v6-m/nofp/libgcc.a(_udivsi3.o)
_ebss                                             build/startup_stm32l031xx.o
_edata                                            build/startup_stm32l031xx.o
_estack                                           build/startup_stm32l031xx.o
_exit                                             /usr/local/bin/../lib/gcc/arm-none-eabi/11.2.1/../../../../arm-none-eabi/lib/thumb/v6-m/nofp/libnosys.a(_exit.o)
                                                  /usr/local/bin/../lib/gcc/arm-none-eabi/11.2.1/../../../../arm-none-eabi/lib/thumb/v6-m/nofp/libc_nano.a(lib_a-exit.o)
_fini                                             /usr/local/bin/../lib/gcc/arm-none-eabi/11.2.1/thumb/v6-m/nofp/crti.o
_global_impure_ptr                                /usr/local/bin/../lib/gcc/arm-none-eabi/11.2.1/../../../../arm-none-eabi/lib/thumb/v6-m/nofp/libc_nano.a(lib_a-impure.o)
                                                  /usr/local/bin/../lib/gcc/arm-none-eabi/11.2.1/../../../../arm-none-eabi/lib/thumb/v6-m/nofp/libc_nano.a(lib_a-exit.o)
_impure_ptr                                       /usr/local/bin/../lib/gcc/arm-none-eabi/11.2.1/../../../../arm-none-eabi/lib/thumb/v6-m/nofp/libc_nano.a(lib_a-impure.o)
_init                                             /usr/local/bin/../lib/gcc/arm-none-eabi/11.2.1/thumb/v6-m/nofp/crti.o
                                                  /usr/local/bin/../lib/gcc/arm-none-eabi/11.2.1/../../../../arm-none-eabi/lib/thumb/v6-m/nofp/libc_nano.a(lib_a-init.o)
_mainCRTStartup                                   /usr/local/bin/../lib/gcc/arm-none-eabi/11.2.1/../../../../arm-none-eabi/lib/thumb/v6-m/nofp/crt0.o
_sbss                                             build/startup_stm32l031xx.o
_sdata                                            build/startup_stm32l031xx.o
_sidata                                           build/startup_stm32l031xx.o
_stack_init                                       /usr/local/bin/../lib/gcc/arm-none-eabi/11.2.1/../../../../arm-none-eabi/lib/thumb/v6-m/nofp/crt0.o
_start                                            /usr/local/bin/../lib/gcc/arm-none-eabi/11.2.1/../../../../arm-none-eabi/lib/thumb/v6-m/nofp/crt0.o
atexit                                            /usr/local/bin/../lib/gcc/arm-none-eabi/11.2.1/../../../../arm-none-eabi/lib/thumb/v6-m/nofp/crt0.o
closeCover                                        build/main.o
count                                             build/main.o
                                                  build/stm32l0xx_it.o
coverClosed                                       build/main.o
digitalWrite                                      build/main.o
exit                                              /usr/local/bin/../lib/gcc/arm-none-eabi/11.2.1/../../../../arm-none-eabi/lib/thumb/v6-m/nofp/libc_nano.a(lib_a-exit.o)
                                                  /usr/local/bin/../lib/gcc/arm-none-eabi/11.2.1/../../../../arm-none-eabi/lib/thumb/v6-m/nofp/crt0.o
g_pfnVectors                                      build/startup_stm32l031xx.o
hardware_init_hook                                /usr/local/bin/../lib/gcc/arm-none-eabi/11.2.1/../../../../arm-none-eabi/lib/thumb/v6-m/nofp/crt0.o
initCover                                         build/main.o
isCoverCloseLimit                                 build/main.o
main                                              build/main.o
                                                  build/startup_stm32l031xx.o
                                                  /usr/local/bin/../lib/gcc/arm-none-eabi/11.2.1/../../../../arm-none-eabi/lib/thumb/v6-m/nofp/crt0.o
memset                                            /usr/local/bin/../lib/gcc/arm-none-eabi/11.2.1/../../../../arm-none-eabi/lib/thumb/v6-m/nofp/libc_nano.a(lib_a-memset.o)
                                                  build/tim.o
                                                  build/gpio.o
                                                  /usr/local/bin/../lib/gcc/arm-none-eabi/11.2.1/../../../../arm-none-eabi/lib/thumb/v6-m/nofp/crt0.o
openCover                                         build/main.o
software_init_hook                                /usr/local/bin/../lib/gcc/arm-none-eabi/11.2.1/../../../../arm-none-eabi/lib/thumb/v6-m/nofp/crt0.o
stepDelay                                         build/main.o
